ola
ol a
o la
o l a

boca
boc a
bo ca
bo c a
b oca
b oc a
b o ca
b o c a

